app/api/generate-pdf/route.ts(85,29): error TS2345: Argument of type 'Uint8Array<ArrayBufferLike>' is not assignable to parameter of type 'BodyInit | null | undefined'.
  Type 'Uint8Array<ArrayBufferLike>' is missing the following properties from type 'URLSearchParams': size, append, delete, get, and 2 more.
app/dashboard/hr/scorecard/[id]/page.tsx(126,133): error TS2345: Argument of type 'string | undefined' is not assignable to parameter of type 'string'.
  Type 'undefined' is not assignable to type 'string'.
app/dashboard/hr/scorecard/[id]/page.tsx(205,38): error TS2552: Cannot find name 'Clock'. Did you mean 'Lock'?
app/dashboard/hr/tickets/page.tsx(106,45): error TS1355: A 'const' assertions can only be applied to references to enum members, or string, number, boolean, array, or object literals.
app/dashboard/onboarding/page.tsx(440,58): error TS2345: Argument of type 'OnboardingCandidate | null' is not assignable to parameter of type 'OnboardingCandidate'.
  Type 'null' is not assignable to type 'OnboardingCandidate'.
app/offer/respond/page.tsx(122,59): error TS2769: No overload matches this call.
  Overload 1 of 4, '(value: string | number | Date): Date', gave the following error.
    Argument of type 'string | undefined' is not assignable to parameter of type 'string | number | Date'.
      Type 'undefined' is not assignable to type 'string | number | Date'.
  Overload 2 of 4, '(value: string | number): Date', gave the following error.
    Argument of type 'string | undefined' is not assignable to parameter of type 'string | number'.
      Type 'undefined' is not assignable to type 'string | number'.
components/animate-ui/components/backgrounds/stars.tsx(13,20): error TS2307: Cannot find module '@/lib/utils' or its corresponding type declarations.
components/animate-ui/components/radix/sidebar.tsx(618,23): error TS2322: Type '{ children: ReactNode; className?: string | undefined; layout?: boolean | "position" | "size" | "preserve-aspect" | undefined; side?: "top" | "left" | "bottom" | "right" | undefined; sideOffset?: number | undefined; align?: "center" | ... 2 more ... | undefined; alignOffset?: number | undefined; hidden: boolean; }' is not assignable to type 'IntrinsicAttributes & TooltipContentProps'.
  Property 'hidden' does not exist on type 'IntrinsicAttributes & TooltipContentProps'.
components/animate-ui/primitives/animate/slot.tsx(32,44): error TS2540: Cannot assign to 'current' because it is a read-only property.
components/animate-ui/primitives/animate/tooltip.tsx(210,29): error TS2345: Argument of type 'LegacyRef<SVGSVGElement> | undefined' is not assignable to parameter of type 'Ref<SVGSVGElement> | undefined'.
  Type 'string' is not assignable to type 'Ref<SVGSVGElement> | undefined'.
components/animate-ui/primitives/animate/tooltip.tsx(216,7): error TS2322: Type 'RefObject<SVGSVGElement | null>' is not assignable to type 'LegacyRef<SVGSVGElement> | undefined'.
  Type 'RefObject<SVGSVGElement | null>' is not assignable to type 'RefObject<SVGSVGElement>'.
    Type 'SVGSVGElement | null' is not assignable to type 'SVGSVGElement'.
      Type 'null' is not assignable to type 'SVGSVGElement'.
components/animate-ui/primitives/animate/tooltip.tsx(309,18): error TS2322: Type '{ style: { colorScheme?: CustomValueType | MotionValue<number> | MotionValue<string> | MotionValue<any> | ColorScheme | undefined; ... 879 more ...; image?: string | ... 1 more ... | undefined; }; ... 336 more ...; "data-state": string; }' is not assignable to type '{ ref?: Ref<HTMLDivElement> | undefined; }'.
  Types of property 'ref' are incompatible.
    Type 'LegacyRef<HTMLDivElement> | undefined' is not assignable to type 'Ref<HTMLDivElement> | undefined'.
      Type 'string' is not assignable to type 'Ref<HTMLDivElement> | undefined'.
components/animate-ui/primitives/animate/tooltip.tsx(460,29): error TS2345: Argument of type 'LegacyRef<HTMLDivElement> | undefined' is not assignable to parameter of type 'Ref<HTMLDivElement> | undefined'.
  Type 'string' is not assignable to type 'Ref<HTMLDivElement> | undefined'.
components/animate-ui/primitives/buttons/button.tsx(24,6): error TS2322: Type '{ type?: "button" | "submit" | "reset" | undefined; ref?: LegacyRef<HTMLButtonElement> | undefined; form?: string | undefined; slot?: string | undefined; ... 339 more ...; ignoreStrict?: boolean | undefined; } | { ...; }' is not assignable to type 'IntrinsicAttributes & { children?: any; } & Omit<HTMLMotionProps<keyof HTMLElementTagNameMap>, "ref"> & { ...; } & Omit<...> & RefAttributes<...>'.
  Type '{ type?: "button" | "submit" | "reset" | undefined; ref?: LegacyRef<HTMLButtonElement> | undefined; form?: string | undefined; slot?: string | undefined; ... 339 more ...; ignoreStrict?: boolean | undefined; }' is not assignable to type '{ ref?: Ref<HTMLButtonElement> | undefined; }'.
    Types of property 'ref' are incompatible.
      Type 'LegacyRef<HTMLButtonElement> | undefined' is not assignable to type 'Ref<HTMLButtonElement> | undefined'.
        Type 'string' is not assignable to type 'Ref<HTMLButtonElement> | undefined'.
